{
  "Original": "blah",
  "Discarded": 0,
  "NoStartLine": 1,
  "StartLine": 0,
  "NoHeaders": 0,
  "Header": 0,
  "NoBody": 0,
  "Body": 0,
  "Complete": 0,
  "Discards": [],
  "Starts": [],
  "Headers": [],
  "Bodies": [],
  "Messages": []
}